
> callpilot-ai-ui@1.0.0 dev
> vite --host 0.0.0.0 --host 127.0.0.1 --port 5173


  VITE v8.2.2  ready in 142 ms

  ➜  Local:   http://127.0.0.1:5173/
12:22:07 AM [vite] (client) hmr update /src/main.tsx
12:22:07 AM [vite] (client) [console.error] You are calling ReactDOMClient.createRoot() on a container that has already been passed to createRoot() before. Instead, call root.render() on the existing root instead if you want to update it.
12:22:07 AM [vite] (client) hmr invalidate /src/main.tsx Could not Fast Refresh ("true" export is incompatible). Learn more at https://github.com/vitejs/vite-plugin-react/tree/main/packages/plugin-react#consistent-components-exports
12:22:07 AM [vite] (client) page reload src/main.tsx
12:22:11 AM [vite] (client) hmr update /src/main.tsx
12:22:11 AM [vite] (client) [console.error] You are calling ReactDOMClient.createRoot() on a container that has already been passed to createRoot() before. Instead, call root.render() on the existing root instead if you want to update it.
12:22:11 AM [vite] (client) hmr invalidate /src/main.tsx Could not Fast Refresh ("true" export is incompatible). Learn more at https://github.com/vitejs/vite-plugin-react/tree/main/packages/plugin-react#consistent-components-exports
12:22:11 AM [vite] (client) page reload src/main.tsx
12:22:14 AM [vite] (client) hmr update /src/main.tsx
12:22:14 AM [vite] (client) [console.error] You are calling ReactDOMClient.createRoot() on a container that has already been passed to createRoot() before. Instead, call root.render() on the existing root instead if you want to update it.
12:22:14 AM [vite] (client) hmr invalidate /src/main.tsx Could not Fast Refresh ("true" export is incompatible). Learn more at https://github.com/vitejs/vite-plugin-react/tree/main/packages/plugin-react#consistent-components-exports
12:22:14 AM [vite] (client) page reload src/main.tsx
12:22:15 AM [vite] (client) [Unhandled error] ReferenceError: refreshWeb is not defined
 > src/main.tsx:85:52
    83 |      } catch { setError("Backend is not reachable. Start FastAPI on port 8000."); }
    84 |    }
    85 |    useEffect(() => { refresh(); refreshConfluence(); refreshWeb(); }, []);
       |                                                      ^
    86 |  
    87 |    async function refreshConfluence() {
 > Object.react_stack_bottom_frame node_modules/react-dom/cjs/react-dom-client.development.js:25989:19
 > runWithFiberInDEV node_modules/react-dom/cjs/react-dom-client.development.js:871:29
 > commitHookEffectListMount node_modules/react-dom/cjs/react-dom-client.development.js:13249:28
 > commitHookPassiveMountEffects node_modules/react-dom/cjs/react-dom-client.development.js:13336:10
 > commitPassiveMountOnFiber node_modules/react-dom/cjs/react-dom-client.development.js:15484:12
 > recursivelyTraversePassiveMountEffects node_modules/react-dom/cjs/react-dom-client.development.js:15439:10
 > commitPassiveMountOnFiber node_modules/react-dom/cjs/react-dom-client.development.js:15519:10
 > flushPassiveEffects node_modules/react-dom/cjs/react-dom-client.development.js:18432:8
 > node_modules/react-dom/cjs/react-dom-client.development.js:17923:14

12:22:15 AM [vite] (client) [console.warn] An error occurred in the <App> component.

Consider adding an error boundary to your tree to customize error handling behavior.
Visit https://react.dev/link/error-boundaries to learn more about error boundaries.

12:22:16 AM [vite] (client) [Unhandled error] ReferenceError: refreshWeb is not defined
 > src/main.tsx:85:52
    83 |      } catch { setError("Backend is not reachable. Start FastAPI on port 8000."); }
    84 |    }
    85 |    useEffect(() => { refresh(); refreshConfluence(); refreshWeb(); }, []);
       |                                                      ^
    86 |  
    87 |    async function refreshConfluence() {
 > Object.react_stack_bottom_frame node_modules/react-dom/cjs/react-dom-client.development.js:25989:19
 > runWithFiberInDEV node_modules/react-dom/cjs/react-dom-client.development.js:871:29
 > commitHookEffectListMount node_modules/react-dom/cjs/react-dom-client.development.js:13249:28
 > commitHookPassiveMountEffects node_modules/react-dom/cjs/react-dom-client.development.js:13336:10
 > commitPassiveMountOnFiber node_modules/react-dom/cjs/react-dom-client.development.js:15484:12
 > recursivelyTraversePassiveMountEffects node_modules/react-dom/cjs/react-dom-client.development.js:15439:10
 > commitPassiveMountOnFiber node_modules/react-dom/cjs/react-dom-client.development.js:15519:10
 > flushPassiveEffects node_modules/react-dom/cjs/react-dom-client.development.js:18432:8
 > node_modules/react-dom/cjs/react-dom-client.development.js:17923:14

12:22:16 AM [vite] (client) [console.warn] An error occurred in the <App> component.

Consider adding an error boundary to your tree to customize error handling behavior.
Visit https://react.dev/link/error-boundaries to learn more about error boundaries.

12:22:21 AM [vite] (client) hmr update /src/main.tsx
12:22:22 AM [vite] (client) [console.error] You are calling ReactDOMClient.createRoot() on a container that has already been passed to createRoot() before. Instead, call root.render() on the existing root instead if you want to update it.
12:22:22 AM [vite] (client) hmr invalidate /src/main.tsx Could not Fast Refresh ("true" export is incompatible). Learn more at https://github.com/vitejs/vite-plugin-react/tree/main/packages/plugin-react#consistent-components-exports
12:22:22 AM [vite] (client) page reload src/main.tsx
12:22:29 AM [vite] (client) hmr update /src/main.tsx
12:22:29 AM [vite] (client) [console.error] You are calling ReactDOMClient.createRoot() on a container that has already been passed to createRoot() before. Instead, call root.render() on the existing root instead if you want to update it.
12:22:29 AM [vite] (client) hmr invalidate /src/main.tsx Could not Fast Refresh ("true" export is incompatible). Learn more at https://github.com/vitejs/vite-plugin-react/tree/main/packages/plugin-react#consistent-components-exports
12:22:29 AM [vite] (client) page reload src/main.tsx
12:22:37 AM [vite] (client) hmr update /src/main.tsx
12:22:37 AM [vite] (client) [console.error] You are calling ReactDOMClient.createRoot() on a container that has already been passed to createRoot() before. Instead, call root.render() on the existing root instead if you want to update it.
12:22:37 AM [vite] (client) hmr invalidate /src/main.tsx Could not Fast Refresh ("true" export is incompatible). Learn more at https://github.com/vitejs/vite-plugin-react/tree/main/packages/plugin-react#consistent-components-exports
12:22:37 AM [vite] (client) page reload src/main.tsx
12:22:43 AM [vite] (client) hmr update /src/styles.css
